// Jest Snapshot v1, https://goo.gl/fbAQLP

exports[`<ITunesContainer /> container tests should render and match the snapshot 1`] = `
<body>
  <div>
    <div>
      ITunesContainer text
    </div>
  </div>
</body>
`;
